// Jest Snapshot v1, https://goo.gl/fbAQLP

exports[`IndexPage matches snapshot 1`] = `
<Component>
  <Provider
    store={
      Object {
        "@@observable": [Function],
        "dispatch": [Function],
        "getState": [Function],
        "replaceReducer": [Function],
        "subscribe": [Function],
      }
    }
  >
    // @ts-ignore
    <TestComponent>
      Loading user #1...
    </TestComponent>
  </Provider>
</Component>
`;
